{
    "Description": "test assembly set",
    "Alignment type": "KBaseGenomeAnnotations.Assembly-6.0",
    "DNA Size": "32,411,722",
    "Contig Count": "709",
    "GC Content": "54.94%"
}