{
    "DNA Size": "32,411,722",
    "Contig Count": "709",
    "GC Content": "54.94%"
}