{
    "Aligned Using": "hisat2",
    "Aligner Version": "2.1.0",
    "Library Type": "KBaseFile.SingleEndLibrary-2.2",
    "Total Reads": "1,375,163",
    "Unmapped Reads": "37,839 (2.75%)",
    "Mapped Reads": "1,337,324 (97.25%)",
    "Multiple Alignments": "13,935 (1.04%)",
    "Singletons": "1,323,389 (98.96%)"
}